src/app/(storefront)/checkout/page.tsx(4,25): error TS2307: Cannot find module 'react-form' or its corresponding type declarations.
